
> wizerview@0.1.0 build
> next build

  Ôû▓ Next.js 14.2.15
  - Environments: .env.local

   Creating an optimized production build ...
 Ô£ô Compiled successfully
   Linting and checking validity of types ...
   Collecting page data ...
   Generating static pages (0/5) ...
   Generating static pages (1/5) 
   Generating static pages (2/5) 
   Generating static pages (3/5) 
 Ô£ô Generating static pages (5/5)
   Finalizing page optimization ...
   Collecting build traces ...

Route (app)                              Size     First Load JS
Ôöî Ôùï /                                    175 B          94.2 kB
Ôö£ Ôùï /_not-found                          873 B          88.1 kB
Ôö£ Ôùï /review-builder                      6.15 kB         162 kB
Ôöö ãÆ /review/[reviewId]                   4.82 kB         154 kB
+ First Load JS shared by all            87.2 kB
  Ôö£ chunks/117-78e2c40ea830ff81.js       31.6 kB
  Ôö£ chunks/fd9d1056-d2e18b0981af8b00.js  53.6 kB
  Ôöö other shared chunks (total)          1.95 kB


Ôùï  (Static)   prerendered as static content
ãÆ  (Dynamic)  server-rendered on demand

